// Jest Snapshot v1, https://goo.gl/fbAQLP

exports[`Pruebas en el <Navbar /> Debe de mostrarse correctamente 1`] = `
<div>
  <nav
    class="navbar navbar-expand-sm navbar-dark bg-dark"
  >
    <a
      class="navbar-brand"
      href="/"
    >
      Asociaciones
    </a>
    <div
      class="navbar-collapse"
    >
      <div
        class="navbar-nav"
      >
        <a
          class="nav-item nav-link"
          href="/marvel"
        >
          Marvel
        </a>
        <a
          class="nav-item nav-link"
          href="/dc"
        >
          DC
        </a>
        <a
          class="nav-item nav-link"
          href="/search"
        >
          Search
        </a>
      </div>
    </div>
    <div
      class="navbar-collapse collapse w-100 order-3 dual-collapse2"
    >
      <ul
        class="navbar-nav ml-auto"
      >
        <span
          class="nav-item nav-link text-info"
        >
          Jonathan
        </span>
        <button
          class="nav-item nav-link btn"
        >
          Logout
        </button>
      </ul>
    </div>
  </nav>
</div>
`;
