// Jest Snapshot v1, https://goo.gl/fbAQLP

exports[`Pruebas en el <SearchScreen /> Debe de hacer match con el snapshot 1`] = `
<div>
  <div>
    <h1>
      Search Screen
    </h1>
    <hr />
    <div
      class="row"
    >
      <div
        class="col-5"
      >
        <h4>
          Search Form
        </h4>
        <hr />
        <form>
          <input
            autocomplete="off"
            class="form-control"
            name="hero"
            placeholder="Find your hero"
            type="text"
            value=""
          />
          <button
            class="btn btn-block m-1 btn-outline-primary"
            type="submit"
          >
            Search
          </button>
        </form>
      </div>
      <div
        class="col-7"
      >
        <h4>
          Results
        </h4>
        <hr />
        <div
          class="alert alert-info"
        >
          Search a Hero
        </div>
      </div>
    </div>
  </div>
</div>
`;
