// Jest Snapshot v1, https://goo.gl/fbAQLP

exports[`Pruebas en <HeroScreen /> Debe de mostrar un hero si el parametro existe 1`] = `
<div
  class="row mt-5"
>
  <div
    class="col-4"
  >
    <img
      alt="Batman"
      class="img-thumbnail animate__animated animate__fadeInLeft"
      src="/assets/heroes/dc-batman.jpg"
    />
  </div>
  <div
    class="col-8"
  >
    <h3>
      Batman
    </h3>
    <ul
      class="list-group list-group-flush"
    >
      <li
        class="list-group-item"
      >
         
        <b>
          Alter Ego: 
        </b>
         
        Bruce Wayne
         
      </li>
      <li
        class="list-group-item"
      >
         
        <b>
          Publisher 
        </b>
         
        DC Comics
         
      </li>
      <li
        class="list-group-item"
      >
         
        <b>
          First Apperance: 
        </b>
         
        Detective Comics #27
         
      </li>
    </ul>
    <h5>
       Characters 
    </h5>
    <p>
      Bruce Wayne
    </p>
    <button
      class="btn btn-outline-info"
    >
      Return
    </button>
  </div>
</div>
`;
